// Jest Snapshot v1, https://goo.gl/fbAQLP

exports[`should render ExpenseListItem correctly 1`] = `
<Link
  className="list-item"
  replace={false}
  to="/edit/1"
>
  <div>
    <h3
      className="list-item__title"
    >
      Gas Bill
    </h3>
    <span
      className="list-item__sub-title"
    >
      January 1st, 1970
    </span>
  </div>
  <span
    className="list-item__note"
  />
  <h3
    className="list-item__amount"
  >
    $1.95
  </h3>
</Link>
`;
